 KRNL32

 Timestamp is 51bdc810 (Sun Jun 16 22:13:36 2013)

 Preferred load address is 00100000

 Start         Length     Name                   Class
 0001:00000000 000005c8H .text                   CODE
 0002:00000000 0000015aH .rdata                  DATA
 0002:0000015c 00000054H .rdata$debug            DATA
 0003:00000000 00000004H .CRT$XCA                DATA
 0003:00000004 00000004H .CRT$XCZ                DATA
 0003:00000008 00000018H .data                   DATA
 0003:00000020 0000003cH .bss                    DATA
 0004:00000000 00000058H .rsrc$01                DATA
 0004:00000060 00000380H .rsrc$02                DATA

  Address         Publics by Value              Rva+Base       Lib:Object

 0000:00000000       ___safe_se_handler_table   00000000     <absolute>
 0000:00000000       ___safe_se_handler_count   00000000     <absolute>
 0001:00000000       ?DebugClrScr@@YAXG@Z       00100400 f   DebugDisplay.obj
 0001:00000040       ?DebugGotoXY@@YAXII@Z      00100440 f   DebugDisplay.obj
 0001:00000070       ?DebugPrintf@@YAHPBDZZ     00100470 f   DebugDisplay.obj
 0001:00000330       ?DebugPutc@@YAXE@Z         00100730 f   DebugDisplay.obj
 0001:000003a0       ?DebugPuts@@YAXPAD@Z       001007a0 f   DebugDisplay.obj
 0001:00000430       ?DebugSetColor@@YAII@Z     00100830 f   DebugDisplay.obj
 0001:00000440       ?kernel_entry@@YAXXZ       00100840 f   entry.obj
 0001:00000480       _main                      00100880 f   main.obj
 0001:00000530       ?strlen@@YAIPBD@Z          00100930 f   Lib:string.obj
 0001:00000550       ?Exit@@YAXXZ               00100950 f   Lib:cstd.obj
 0001:00000590       ?InitializeConstructors@@YAXXZ 00100990 f   Lib:cstd.obj
 0002:00000038       ??_C@_0CN@FMGOCDKO@?$CL?9?9?9?9?9?9?9?9?9?9?9?9?9?9?9?9?9?9?9?9?9?9?9?9?9?9?9?9?9?9?9@ 00100a38     main.obj
 0002:00000068       ??_C@_0CN@PMONMCJE@?$HM?5?5?5?5MOS?532?5Bit?5C?$CL?$CL?5Kernel?5Execu@ 00100a68     main.obj
 0002:00000098       ??_C@_0CO@MLNNAIEG@?$CL?9?9?9?9?9?9?9?9?9?9?9?9?9?9?9?9?9?9?9?9?9?9?9?9?9?9?9?9?9?9?9@ 00100a98     main.obj
 0002:000000c8       ??_C@_0CH@MFILIHKL@?6i?5as?5integer?5?4?4?4?4?4?4?4?4?4?4?4?4?4?4?4?4?4?4@ 00100ac8     main.obj
 0002:000000f0       ??_C@_0CH@BOGMIAEI@?6i?5in?5hex?5?4?4?4?4?4?4?4?4?4?4?4?4?4?4?4?4?4?4?4?4?4?4@ 00100af0     main.obj
 0002:00000118       ??_C@_05HPJKAPFK@?6?$FL?$CFi?$FN?$AA@ 00100b18     main.obj
 0002:00000120       ??_C@_07CFAMGIEN@?6?$FL0x?$CFx?$FN?$AA@ 00100b20     main.obj
 0002:00000128       ??_C@_0DC@NHHANBFB@?6?6I?5am?5preparing?5to?5load?4?4?4?5Hold@ 00100b28     main.obj
 0003:00000000       ?__xc_a@@3PAP6AXXZA        00100c00     Lib:cstd.obj
 0003:00000004       ?__xc_z@@3PAP6AXXZA        00100c04     Lib:cstd.obj
 0003:00000008       ?bchars@@3PADA             00100c08     DebugDisplay.obj
 0003:0000001c       __fltused                  00100c1c     Lib:cstd.obj
 0003:00000034       ?tbuf@@3PADA               00100c34     DebugDisplay.obj

 entry point at        0000:00000000

 Static symbols

 0001:000002f8       $LN93                      001006f8     DebugDisplay.obj
 0001:0000030c       $LN87                      0010070c     DebugDisplay.obj
 0003:00000018       _max_atexitlist_entries    00100c18     Lib:cstd.obj
 0003:00000020       __xPos                     00100c20     DebugDisplay.obj
 0003:00000024       __yPos                     00100c24     DebugDisplay.obj
 0003:00000028       __startX                   00100c28     DebugDisplay.obj
 0003:0000002c       __startY                   00100c2c     DebugDisplay.obj
 0003:00000030       __color                    00100c30     DebugDisplay.obj
 0003:00000054       _pf_atexitlist             00100c54     Lib:cstd.obj
 0003:00000058       _cur_atexitlist_entries    00100c58     Lib:cstd.obj
 0004:00000060       $R000000                   00100e60     Resource.res
